------------------------------------------------------------
TimeQuest Timing Analyzer Summary
------------------------------------------------------------

Type  : Slow 1200mV 85C Model Setup 'clk'
Slack : 8.439
TNS   : 0.000

Type  : Slow 1200mV 85C Model Setup 'rra_clk_10mhz_10kh|altpll_component|auto_generated|pll1|clk[1]'
Slack : 8.711
TNS   : 0.000

Type  : Slow 1200mV 85C Model Setup 'rra_clk_10mhz_10kh|altpll_component|auto_generated|pll1|clk[0]'
Slack : 88.838
TNS   : 0.000

Type  : Slow 1200mV 85C Model Hold 'clk'
Slack : 0.358
TNS   : 0.000

Type  : Slow 1200mV 85C Model Hold 'rra_clk_10mhz_10kh|altpll_component|auto_generated|pll1|clk[1]'
Slack : 0.358
TNS   : 0.000

Type  : Slow 1200mV 85C Model Hold 'rra_clk_10mhz_10kh|altpll_component|auto_generated|pll1|clk[0]'
Slack : 0.373
TNS   : 0.000

Type  : Slow 1200mV 85C Model Minimum Pulse Width 'clk'
Slack : 9.680
TNS   : 0.000

Type  : Slow 1200mV 85C Model Minimum Pulse Width 'rra_clk_10mhz_10kh|altpll_component|auto_generated|pll1|clk[0]'
Slack : 49.751
TNS   : 0.000

Type  : Slow 1200mV 85C Model Minimum Pulse Width 'rra_clk_10mhz_10kh|altpll_component|auto_generated|pll1|clk[1]'
Slack : 49999.752
TNS   : 0.000

Type  : Slow 1200mV 0C Model Setup 'clk'
Slack : 9.593
TNS   : 0.000

Type  : Slow 1200mV 0C Model Setup 'rra_clk_10mhz_10kh|altpll_component|auto_generated|pll1|clk[1]'
Slack : 9.841
TNS   : 0.000

Type  : Slow 1200mV 0C Model Setup 'rra_clk_10mhz_10kh|altpll_component|auto_generated|pll1|clk[0]'
Slack : 89.982
TNS   : 0.000

Type  : Slow 1200mV 0C Model Hold 'clk'
Slack : 0.312
TNS   : 0.000

Type  : Slow 1200mV 0C Model Hold 'rra_clk_10mhz_10kh|altpll_component|auto_generated|pll1|clk[1]'
Slack : 0.312
TNS   : 0.000

Type  : Slow 1200mV 0C Model Hold 'rra_clk_10mhz_10kh|altpll_component|auto_generated|pll1|clk[0]'
Slack : 0.337
TNS   : 0.000

Type  : Slow 1200mV 0C Model Minimum Pulse Width 'clk'
Slack : 9.677
TNS   : 0.000

Type  : Slow 1200mV 0C Model Minimum Pulse Width 'rra_clk_10mhz_10kh|altpll_component|auto_generated|pll1|clk[0]'
Slack : 49.747
TNS   : 0.000

Type  : Slow 1200mV 0C Model Minimum Pulse Width 'rra_clk_10mhz_10kh|altpll_component|auto_generated|pll1|clk[1]'
Slack : 49999.747
TNS   : 0.000

Type  : Fast 1200mV 0C Model Setup 'clk'
Slack : 13.028
TNS   : 0.000

Type  : Fast 1200mV 0C Model Setup 'rra_clk_10mhz_10kh|altpll_component|auto_generated|pll1|clk[1]'
Slack : 13.333
TNS   : 0.000

Type  : Fast 1200mV 0C Model Setup 'rra_clk_10mhz_10kh|altpll_component|auto_generated|pll1|clk[0]'
Slack : 93.839
TNS   : 0.000

Type  : Fast 1200mV 0C Model Hold 'clk'
Slack : 0.187
TNS   : 0.000

Type  : Fast 1200mV 0C Model Hold 'rra_clk_10mhz_10kh|altpll_component|auto_generated|pll1|clk[1]'
Slack : 0.188
TNS   : 0.000

Type  : Fast 1200mV 0C Model Hold 'rra_clk_10mhz_10kh|altpll_component|auto_generated|pll1|clk[0]'
Slack : 0.193
TNS   : 0.000

Type  : Fast 1200mV 0C Model Minimum Pulse Width 'clk'
Slack : 9.441
TNS   : 0.000

Type  : Fast 1200mV 0C Model Minimum Pulse Width 'rra_clk_10mhz_10kh|altpll_component|auto_generated|pll1|clk[0]'
Slack : 49.782
TNS   : 0.000

Type  : Fast 1200mV 0C Model Minimum Pulse Width 'rra_clk_10mhz_10kh|altpll_component|auto_generated|pll1|clk[1]'
Slack : 49999.782
TNS   : 0.000

------------------------------------------------------------
