------------------------------------------------------------
TimeQuest Timing Analyzer Summary
------------------------------------------------------------

Type  : Slow 1200mV 85C Model Setup 'rra_servo_controller:rra_servo_lower|clk_10mhz'
Slack : -9.080
TNS   : -298.294

Type  : Slow 1200mV 85C Model Setup 'rra_servo_controller:rra_servo_base|clk_10mhz'
Slack : -8.375
TNS   : -291.014

Type  : Slow 1200mV 85C Model Setup 'rra_servo_controller:rra_servo_gripper|clk_10mhz'
Slack : -8.374
TNS   : -289.484

Type  : Slow 1200mV 85C Model Setup 'rra_servo_controller:rra_servo_wrist|clk_10mhz'
Slack : -8.335
TNS   : -292.993

Type  : Slow 1200mV 85C Model Setup 'rra_servo_controller:rra_servo_upper|clk_10mhz'
Slack : -8.210
TNS   : -275.783

Type  : Slow 1200mV 85C Model Setup 'rra_servo_controller:rra_servo_middle|clk_10mhz'
Slack : -8.090
TNS   : -284.268

Type  : Slow 1200mV 85C Model Setup 'rra_servo_controller:rra_servo_wrist|clk_1khz'
Slack : -5.252
TNS   : -65.678

Type  : Slow 1200mV 85C Model Setup 'rra_servo_controller:rra_servo_base|clk_1khz'
Slack : -5.138
TNS   : -64.734

Type  : Slow 1200mV 85C Model Setup 'rra_servo_controller:rra_servo_gripper|clk_1khz'
Slack : -4.980
TNS   : -65.047

Type  : Slow 1200mV 85C Model Setup 'rra_servo_controller:rra_servo_lower|clk_1khz'
Slack : -4.894
TNS   : -64.395

Type  : Slow 1200mV 85C Model Setup 'rra_servo_controller:rra_servo_upper|clk_1khz'
Slack : -4.762
TNS   : -64.259

Type  : Slow 1200mV 85C Model Setup 'rra_servo_controller:rra_servo_middle|clk_1khz'
Slack : -4.699
TNS   : -63.758

Type  : Slow 1200mV 85C Model Setup 'clk'
Slack : -3.831
TNS   : -335.242

Type  : Slow 1200mV 85C Model Hold 'clk'
Slack : 0.215
TNS   : 0.000

Type  : Slow 1200mV 85C Model Hold 'rra_servo_controller:rra_servo_middle|clk_1khz'
Slack : 0.320
TNS   : 0.000

Type  : Slow 1200mV 85C Model Hold 'rra_servo_controller:rra_servo_gripper|clk_1khz'
Slack : 0.336
TNS   : 0.000

Type  : Slow 1200mV 85C Model Hold 'rra_servo_controller:rra_servo_base|clk_1khz'
Slack : 0.343
TNS   : 0.000

Type  : Slow 1200mV 85C Model Hold 'rra_servo_controller:rra_servo_wrist|clk_1khz'
Slack : 0.343
TNS   : 0.000

Type  : Slow 1200mV 85C Model Hold 'rra_servo_controller:rra_servo_lower|clk_1khz'
Slack : 0.345
TNS   : 0.000

Type  : Slow 1200mV 85C Model Hold 'rra_servo_controller:rra_servo_upper|clk_1khz'
Slack : 0.357
TNS   : 0.000

Type  : Slow 1200mV 85C Model Hold 'rra_servo_controller:rra_servo_base|clk_10mhz'
Slack : 0.375
TNS   : 0.000

Type  : Slow 1200mV 85C Model Hold 'rra_servo_controller:rra_servo_upper|clk_10mhz'
Slack : 0.375
TNS   : 0.000

Type  : Slow 1200mV 85C Model Hold 'rra_servo_controller:rra_servo_lower|clk_10mhz'
Slack : 0.377
TNS   : 0.000

Type  : Slow 1200mV 85C Model Hold 'rra_servo_controller:rra_servo_middle|clk_10mhz'
Slack : 0.377
TNS   : 0.000

Type  : Slow 1200mV 85C Model Hold 'rra_servo_controller:rra_servo_wrist|clk_10mhz'
Slack : 0.378
TNS   : 0.000

Type  : Slow 1200mV 85C Model Hold 'rra_servo_controller:rra_servo_gripper|clk_10mhz'
Slack : 0.379
TNS   : 0.000

Type  : Slow 1200mV 85C Model Minimum Pulse Width 'clk'
Slack : -3.000
TNS   : -169.000

Type  : Slow 1200mV 85C Model Minimum Pulse Width 'rra_servo_controller:rra_servo_base|clk_10mhz'
Slack : -1.000
TNS   : -38.000

Type  : Slow 1200mV 85C Model Minimum Pulse Width 'rra_servo_controller:rra_servo_gripper|clk_10mhz'
Slack : -1.000
TNS   : -38.000

Type  : Slow 1200mV 85C Model Minimum Pulse Width 'rra_servo_controller:rra_servo_lower|clk_10mhz'
Slack : -1.000
TNS   : -38.000

Type  : Slow 1200mV 85C Model Minimum Pulse Width 'rra_servo_controller:rra_servo_middle|clk_10mhz'
Slack : -1.000
TNS   : -38.000

Type  : Slow 1200mV 85C Model Minimum Pulse Width 'rra_servo_controller:rra_servo_upper|clk_10mhz'
Slack : -1.000
TNS   : -38.000

Type  : Slow 1200mV 85C Model Minimum Pulse Width 'rra_servo_controller:rra_servo_wrist|clk_10mhz'
Slack : -1.000
TNS   : -38.000

Type  : Slow 1200mV 85C Model Minimum Pulse Width 'rra_servo_controller:rra_servo_base|clk_1khz'
Slack : -1.000
TNS   : -18.000

Type  : Slow 1200mV 85C Model Minimum Pulse Width 'rra_servo_controller:rra_servo_gripper|clk_1khz'
Slack : -1.000
TNS   : -18.000

Type  : Slow 1200mV 85C Model Minimum Pulse Width 'rra_servo_controller:rra_servo_lower|clk_1khz'
Slack : -1.000
TNS   : -18.000

Type  : Slow 1200mV 85C Model Minimum Pulse Width 'rra_servo_controller:rra_servo_middle|clk_1khz'
Slack : -1.000
TNS   : -18.000

Type  : Slow 1200mV 85C Model Minimum Pulse Width 'rra_servo_controller:rra_servo_upper|clk_1khz'
Slack : -1.000
TNS   : -18.000

Type  : Slow 1200mV 85C Model Minimum Pulse Width 'rra_servo_controller:rra_servo_wrist|clk_1khz'
Slack : -1.000
TNS   : -18.000

Type  : Slow 1200mV 0C Model Setup 'rra_servo_controller:rra_servo_lower|clk_10mhz'
Slack : -8.060
TNS   : -264.272

Type  : Slow 1200mV 0C Model Setup 'rra_servo_controller:rra_servo_gripper|clk_10mhz'
Slack : -7.386
TNS   : -255.558

Type  : Slow 1200mV 0C Model Setup 'rra_servo_controller:rra_servo_base|clk_10mhz'
Slack : -7.342
TNS   : -254.763

Type  : Slow 1200mV 0C Model Setup 'rra_servo_controller:rra_servo_wrist|clk_10mhz'
Slack : -7.325
TNS   : -258.116

Type  : Slow 1200mV 0C Model Setup 'rra_servo_controller:rra_servo_upper|clk_10mhz'
Slack : -7.187
TNS   : -242.047

Type  : Slow 1200mV 0C Model Setup 'rra_servo_controller:rra_servo_middle|clk_10mhz'
Slack : -7.108
TNS   : -250.657

Type  : Slow 1200mV 0C Model Setup 'rra_servo_controller:rra_servo_wrist|clk_1khz'
Slack : -4.612
TNS   : -57.077

Type  : Slow 1200mV 0C Model Setup 'rra_servo_controller:rra_servo_base|clk_1khz'
Slack : -4.492
TNS   : -55.811

Type  : Slow 1200mV 0C Model Setup 'rra_servo_controller:rra_servo_gripper|clk_1khz'
Slack : -4.366
TNS   : -56.504

Type  : Slow 1200mV 0C Model Setup 'rra_servo_controller:rra_servo_lower|clk_1khz'
Slack : -4.303
TNS   : -55.778

Type  : Slow 1200mV 0C Model Setup 'rra_servo_controller:rra_servo_upper|clk_1khz'
Slack : -4.145
TNS   : -55.637

Type  : Slow 1200mV 0C Model Setup 'rra_servo_controller:rra_servo_middle|clk_1khz'
Slack : -4.116
TNS   : -55.434

Type  : Slow 1200mV 0C Model Setup 'clk'
Slack : -3.290
TNS   : -285.101

Type  : Slow 1200mV 0C Model Hold 'clk'
Slack : 0.125
TNS   : 0.000

Type  : Slow 1200mV 0C Model Hold 'rra_servo_controller:rra_servo_base|clk_1khz'
Slack : 0.300
TNS   : 0.000

Type  : Slow 1200mV 0C Model Hold 'rra_servo_controller:rra_servo_wrist|clk_1khz'
Slack : 0.300
TNS   : 0.000

Type  : Slow 1200mV 0C Model Hold 'rra_servo_controller:rra_servo_lower|clk_1khz'
Slack : 0.301
TNS   : 0.000

Type  : Slow 1200mV 0C Model Hold 'rra_servo_controller:rra_servo_middle|clk_1khz'
Slack : 0.312
TNS   : 0.000

Type  : Slow 1200mV 0C Model Hold 'rra_servo_controller:rra_servo_upper|clk_1khz'
Slack : 0.312
TNS   : 0.000

Type  : Slow 1200mV 0C Model Hold 'rra_servo_controller:rra_servo_gripper|clk_1khz'
Slack : 0.313
TNS   : 0.000

Type  : Slow 1200mV 0C Model Hold 'rra_servo_controller:rra_servo_upper|clk_10mhz'
Slack : 0.334
TNS   : 0.000

Type  : Slow 1200mV 0C Model Hold 'rra_servo_controller:rra_servo_base|clk_10mhz'
Slack : 0.335
TNS   : 0.000

Type  : Slow 1200mV 0C Model Hold 'rra_servo_controller:rra_servo_wrist|clk_10mhz'
Slack : 0.335
TNS   : 0.000

Type  : Slow 1200mV 0C Model Hold 'rra_servo_controller:rra_servo_gripper|clk_10mhz'
Slack : 0.336
TNS   : 0.000

Type  : Slow 1200mV 0C Model Hold 'rra_servo_controller:rra_servo_lower|clk_10mhz'
Slack : 0.336
TNS   : 0.000

Type  : Slow 1200mV 0C Model Hold 'rra_servo_controller:rra_servo_middle|clk_10mhz'
Slack : 0.336
TNS   : 0.000

Type  : Slow 1200mV 0C Model Minimum Pulse Width 'clk'
Slack : -3.000
TNS   : -169.000

Type  : Slow 1200mV 0C Model Minimum Pulse Width 'rra_servo_controller:rra_servo_base|clk_10mhz'
Slack : -1.000
TNS   : -38.000

Type  : Slow 1200mV 0C Model Minimum Pulse Width 'rra_servo_controller:rra_servo_gripper|clk_10mhz'
Slack : -1.000
TNS   : -38.000

Type  : Slow 1200mV 0C Model Minimum Pulse Width 'rra_servo_controller:rra_servo_lower|clk_10mhz'
Slack : -1.000
TNS   : -38.000

Type  : Slow 1200mV 0C Model Minimum Pulse Width 'rra_servo_controller:rra_servo_middle|clk_10mhz'
Slack : -1.000
TNS   : -38.000

Type  : Slow 1200mV 0C Model Minimum Pulse Width 'rra_servo_controller:rra_servo_upper|clk_10mhz'
Slack : -1.000
TNS   : -38.000

Type  : Slow 1200mV 0C Model Minimum Pulse Width 'rra_servo_controller:rra_servo_wrist|clk_10mhz'
Slack : -1.000
TNS   : -38.000

Type  : Slow 1200mV 0C Model Minimum Pulse Width 'rra_servo_controller:rra_servo_base|clk_1khz'
Slack : -1.000
TNS   : -18.000

Type  : Slow 1200mV 0C Model Minimum Pulse Width 'rra_servo_controller:rra_servo_gripper|clk_1khz'
Slack : -1.000
TNS   : -18.000

Type  : Slow 1200mV 0C Model Minimum Pulse Width 'rra_servo_controller:rra_servo_lower|clk_1khz'
Slack : -1.000
TNS   : -18.000

Type  : Slow 1200mV 0C Model Minimum Pulse Width 'rra_servo_controller:rra_servo_middle|clk_1khz'
Slack : -1.000
TNS   : -18.000

Type  : Slow 1200mV 0C Model Minimum Pulse Width 'rra_servo_controller:rra_servo_upper|clk_1khz'
Slack : -1.000
TNS   : -18.000

Type  : Slow 1200mV 0C Model Minimum Pulse Width 'rra_servo_controller:rra_servo_wrist|clk_1khz'
Slack : -1.000
TNS   : -18.000

Type  : Fast 1200mV 0C Model Setup 'rra_servo_controller:rra_servo_lower|clk_10mhz'
Slack : -4.668
TNS   : -150.918

Type  : Fast 1200mV 0C Model Setup 'rra_servo_controller:rra_servo_gripper|clk_10mhz'
Slack : -4.276
TNS   : -147.213

Type  : Fast 1200mV 0C Model Setup 'rra_servo_controller:rra_servo_base|clk_10mhz'
Slack : -4.266
TNS   : -148.069

Type  : Fast 1200mV 0C Model Setup 'rra_servo_controller:rra_servo_wrist|clk_10mhz'
Slack : -4.250
TNS   : -149.589

Type  : Fast 1200mV 0C Model Setup 'rra_servo_controller:rra_servo_upper|clk_10mhz'
Slack : -4.112
TNS   : -137.730

Type  : Fast 1200mV 0C Model Setup 'rra_servo_controller:rra_servo_middle|clk_10mhz'
Slack : -4.111
TNS   : -144.259

Type  : Fast 1200mV 0C Model Setup 'rra_servo_controller:rra_servo_wrist|clk_1khz'
Slack : -2.495
TNS   : -30.522

Type  : Fast 1200mV 0C Model Setup 'rra_servo_controller:rra_servo_base|clk_1khz'
Slack : -2.434
TNS   : -29.475

Type  : Fast 1200mV 0C Model Setup 'rra_servo_controller:rra_servo_gripper|clk_1khz'
Slack : -2.340
TNS   : -30.174

Type  : Fast 1200mV 0C Model Setup 'rra_servo_controller:rra_servo_lower|clk_1khz'
Slack : -2.306
TNS   : -29.783

Type  : Fast 1200mV 0C Model Setup 'rra_servo_controller:rra_servo_upper|clk_1khz'
Slack : -2.216
TNS   : -29.890

Type  : Fast 1200mV 0C Model Setup 'rra_servo_controller:rra_servo_middle|clk_1khz'
Slack : -2.195
TNS   : -29.436

Type  : Fast 1200mV 0C Model Setup 'clk'
Slack : -1.835
TNS   : -124.574

Type  : Fast 1200mV 0C Model Hold 'clk'
Slack : 0.097
TNS   : 0.000

Type  : Fast 1200mV 0C Model Hold 'rra_servo_controller:rra_servo_middle|clk_1khz'
Slack : 0.125
TNS   : 0.000

Type  : Fast 1200mV 0C Model Hold 'rra_servo_controller:rra_servo_gripper|clk_1khz'
Slack : 0.131
TNS   : 0.000

Type  : Fast 1200mV 0C Model Hold 'rra_servo_controller:rra_servo_base|clk_1khz'
Slack : 0.146
TNS   : 0.000

Type  : Fast 1200mV 0C Model Hold 'rra_servo_controller:rra_servo_wrist|clk_1khz'
Slack : 0.148
TNS   : 0.000

Type  : Fast 1200mV 0C Model Hold 'rra_servo_controller:rra_servo_lower|clk_1khz'
Slack : 0.180
TNS   : 0.000

Type  : Fast 1200mV 0C Model Hold 'rra_servo_controller:rra_servo_upper|clk_1khz'
Slack : 0.186
TNS   : 0.000

Type  : Fast 1200mV 0C Model Hold 'rra_servo_controller:rra_servo_base|clk_10mhz'
Slack : 0.197
TNS   : 0.000

Type  : Fast 1200mV 0C Model Hold 'rra_servo_controller:rra_servo_middle|clk_10mhz'
Slack : 0.197
TNS   : 0.000

Type  : Fast 1200mV 0C Model Hold 'rra_servo_controller:rra_servo_upper|clk_10mhz'
Slack : 0.197
TNS   : 0.000

Type  : Fast 1200mV 0C Model Hold 'rra_servo_controller:rra_servo_gripper|clk_10mhz'
Slack : 0.198
TNS   : 0.000

Type  : Fast 1200mV 0C Model Hold 'rra_servo_controller:rra_servo_lower|clk_10mhz'
Slack : 0.198
TNS   : 0.000

Type  : Fast 1200mV 0C Model Hold 'rra_servo_controller:rra_servo_wrist|clk_10mhz'
Slack : 0.198
TNS   : 0.000

Type  : Fast 1200mV 0C Model Minimum Pulse Width 'clk'
Slack : -3.000
TNS   : -178.893

Type  : Fast 1200mV 0C Model Minimum Pulse Width 'rra_servo_controller:rra_servo_base|clk_10mhz'
Slack : -1.000
TNS   : -38.000

Type  : Fast 1200mV 0C Model Minimum Pulse Width 'rra_servo_controller:rra_servo_gripper|clk_10mhz'
Slack : -1.000
TNS   : -38.000

Type  : Fast 1200mV 0C Model Minimum Pulse Width 'rra_servo_controller:rra_servo_lower|clk_10mhz'
Slack : -1.000
TNS   : -38.000

Type  : Fast 1200mV 0C Model Minimum Pulse Width 'rra_servo_controller:rra_servo_middle|clk_10mhz'
Slack : -1.000
TNS   : -38.000

Type  : Fast 1200mV 0C Model Minimum Pulse Width 'rra_servo_controller:rra_servo_upper|clk_10mhz'
Slack : -1.000
TNS   : -38.000

Type  : Fast 1200mV 0C Model Minimum Pulse Width 'rra_servo_controller:rra_servo_wrist|clk_10mhz'
Slack : -1.000
TNS   : -38.000

Type  : Fast 1200mV 0C Model Minimum Pulse Width 'rra_servo_controller:rra_servo_base|clk_1khz'
Slack : -1.000
TNS   : -18.000

Type  : Fast 1200mV 0C Model Minimum Pulse Width 'rra_servo_controller:rra_servo_gripper|clk_1khz'
Slack : -1.000
TNS   : -18.000

Type  : Fast 1200mV 0C Model Minimum Pulse Width 'rra_servo_controller:rra_servo_lower|clk_1khz'
Slack : -1.000
TNS   : -18.000

Type  : Fast 1200mV 0C Model Minimum Pulse Width 'rra_servo_controller:rra_servo_middle|clk_1khz'
Slack : -1.000
TNS   : -18.000

Type  : Fast 1200mV 0C Model Minimum Pulse Width 'rra_servo_controller:rra_servo_upper|clk_1khz'
Slack : -1.000
TNS   : -18.000

Type  : Fast 1200mV 0C Model Minimum Pulse Width 'rra_servo_controller:rra_servo_wrist|clk_1khz'
Slack : -1.000
TNS   : -18.000

------------------------------------------------------------
