------------------------------------------------------------
TimeQuest Timing Analyzer Summary
------------------------------------------------------------

Type  : Slow 1200mV 85C Model Setup 'clk'
Slack : 8.626
TNS   : 0.000

Type  : Slow 1200mV 85C Model Setup 'rra_clk_10mhz_10kh|altpll_component|auto_generated|pll1|clk[1]'
Slack : 15.211
TNS   : 0.000

Type  : Slow 1200mV 85C Model Setup 'rra_clk_10mhz_10kh|altpll_component|auto_generated|pll1|clk[0]'
Slack : 87.952
TNS   : 0.000

Type  : Slow 1200mV 85C Model Hold 'clk'
Slack : 0.358
TNS   : 0.000

Type  : Slow 1200mV 85C Model Hold 'rra_clk_10mhz_10kh|altpll_component|auto_generated|pll1|clk[1]'
Slack : 0.359
TNS   : 0.000

Type  : Slow 1200mV 85C Model Hold 'rra_clk_10mhz_10kh|altpll_component|auto_generated|pll1|clk[0]'
Slack : 0.373
TNS   : 0.000

Type  : Slow 1200mV 85C Model Minimum Pulse Width 'clk'
Slack : 9.680
TNS   : 0.000

Type  : Slow 1200mV 85C Model Minimum Pulse Width 'rra_clk_10mhz_10kh|altpll_component|auto_generated|pll1|clk[0]'
Slack : 49.752
TNS   : 0.000

Type  : Slow 1200mV 85C Model Minimum Pulse Width 'rra_clk_10mhz_10kh|altpll_component|auto_generated|pll1|clk[1]'
Slack : 49999.751
TNS   : 0.000

Type  : Slow 1200mV 0C Model Setup 'clk'
Slack : 9.779
TNS   : 0.000

Type  : Slow 1200mV 0C Model Setup 'rra_clk_10mhz_10kh|altpll_component|auto_generated|pll1|clk[1]'
Slack : 15.712
TNS   : 0.000

Type  : Slow 1200mV 0C Model Setup 'rra_clk_10mhz_10kh|altpll_component|auto_generated|pll1|clk[0]'
Slack : 89.214
TNS   : 0.000

Type  : Slow 1200mV 0C Model Hold 'clk'
Slack : 0.312
TNS   : 0.000

Type  : Slow 1200mV 0C Model Hold 'rra_clk_10mhz_10kh|altpll_component|auto_generated|pll1|clk[1]'
Slack : 0.312
TNS   : 0.000

Type  : Slow 1200mV 0C Model Hold 'rra_clk_10mhz_10kh|altpll_component|auto_generated|pll1|clk[0]'
Slack : 0.338
TNS   : 0.000

Type  : Slow 1200mV 0C Model Minimum Pulse Width 'clk'
Slack : 9.677
TNS   : 0.000

Type  : Slow 1200mV 0C Model Minimum Pulse Width 'rra_clk_10mhz_10kh|altpll_component|auto_generated|pll1|clk[0]'
Slack : 49.746
TNS   : 0.000

Type  : Slow 1200mV 0C Model Minimum Pulse Width 'rra_clk_10mhz_10kh|altpll_component|auto_generated|pll1|clk[1]'
Slack : 49999.746
TNS   : 0.000

Type  : Fast 1200mV 0C Model Setup 'clk'
Slack : 13.093
TNS   : 0.000

Type  : Fast 1200mV 0C Model Setup 'rra_clk_10mhz_10kh|altpll_component|auto_generated|pll1|clk[1]'
Slack : 17.193
TNS   : 0.000

Type  : Fast 1200mV 0C Model Setup 'rra_clk_10mhz_10kh|altpll_component|auto_generated|pll1|clk[0]'
Slack : 93.226
TNS   : 0.000

Type  : Fast 1200mV 0C Model Hold 'clk'
Slack : 0.187
TNS   : 0.000

Type  : Fast 1200mV 0C Model Hold 'rra_clk_10mhz_10kh|altpll_component|auto_generated|pll1|clk[1]'
Slack : 0.187
TNS   : 0.000

Type  : Fast 1200mV 0C Model Hold 'rra_clk_10mhz_10kh|altpll_component|auto_generated|pll1|clk[0]'
Slack : 0.193
TNS   : 0.000

Type  : Fast 1200mV 0C Model Minimum Pulse Width 'clk'
Slack : 9.441
TNS   : 0.000

Type  : Fast 1200mV 0C Model Minimum Pulse Width 'rra_clk_10mhz_10kh|altpll_component|auto_generated|pll1|clk[0]'
Slack : 49.781
TNS   : 0.000

Type  : Fast 1200mV 0C Model Minimum Pulse Width 'rra_clk_10mhz_10kh|altpll_component|auto_generated|pll1|clk[1]'
Slack : 49999.782
TNS   : 0.000

------------------------------------------------------------
